2026-08-27 16:15:33,441 | INFO | 
================================================================================
2026-08-27 16:15:33,441 | INFO | [PIPELINE] Starting Vertical Search Engine Pipeline
2026-08-27 16:15:33,441 | INFO | ================================================================================

2026-08-27 16:15:33,441 | INFO | 
────────────────────────────────────────────────────────────────────────────────
2026-08-27 16:15:33,441 | INFO | [STAGE] URL SEEDING
2026-08-27 16:15:33,441 | INFO | ────────────────────────────────────────────────────────────────────────────────

2026-08-27 16:15:33,441 | INFO | [43276f58] ✓ Enterprise URLSeeder initialized
2026-08-27 16:15:33,441 | INFO | [43276f58] Estimated total URLs: 3,512,000
2026-08-27 16:15:33,441 | INFO | 
==========================================================================================
2026-08-27 16:15:33,441 | INFO | [43276f58] [ENTERPRISE URL SEEDING] Starting
2026-08-27 16:15:33,441 | INFO | ==========================================================================================
2026-08-27 16:15:33,441 | INFO | Sources to seed: 43
2026-08-27 16:15:33,441 | INFO | Tier mode: all
2026-08-27 16:15:33,441 | INFO | Estimated URLs: 3,512,000
2026-08-27 16:15:33,441 | INFO | ==========================================================================================

2026-08-27 16:15:33,512 | INFO | [43276f58] [  1/ 43] arxiv.org
2026-08-27 16:15:33,512 | INFO |        Est: 500,000 | Priority: 1 | Rep: 1.0
2026-08-27 16:15:33,512 | INFO |        Discovering...
