2026-08-27 16:11:28,110 | INFO | 
================================================================================
2026-08-27 16:11:28,110 | INFO | [PIPELINE] Starting Vertical Search Engine Pipeline
2026-08-27 16:11:28,110 | INFO | ================================================================================

2026-08-27 16:11:28,110 | INFO | 
────────────────────────────────────────────────────────────────────────────────
2026-08-27 16:11:28,110 | INFO | [STAGE] URL SEEDING
2026-08-27 16:11:28,110 | INFO | ────────────────────────────────────────────────────────────────────────────────

2026-08-27 16:11:28,111 | INFO | [ce97131d] ✓ Enterprise URLSeeder initialized
2026-08-27 16:11:28,111 | INFO | [ce97131d] Estimated total URLs: 3,512,000
2026-08-27 16:11:28,111 | INFO | 
==========================================================================================
2026-08-27 16:11:28,111 | INFO | [ce97131d] [ENTERPRISE URL SEEDING] Starting
2026-08-27 16:11:28,111 | INFO | ==========================================================================================
2026-08-27 16:11:28,111 | INFO | Sources to seed: 43
2026-08-27 16:11:28,111 | INFO | Tier mode: all
2026-08-27 16:11:28,111 | INFO | Estimated URLs: 3,512,000
2026-08-27 16:11:28,111 | INFO | ==========================================================================================

2026-08-27 16:11:28,201 | INFO | [ce97131d] [  1/ 43] arxiv.org
2026-08-27 16:11:28,202 | INFO |        Est: 500,000 | Priority: 1 | Rep: 1.0
2026-08-27 16:11:28,202 | INFO |        Discovering...
